main.c:109:5:main	8	static
main.c:215:6:SystemClock_Config	72	static
main.c:251:13:MX_TIM2_Init	32	static
main.c:296:13:MX_GPIO_Init	32	static
main.c:345:6:display7SEG	16	static
main.c:447:6:update7SEG	16	static
main.c:475:6:updateClockBuffer	4	static
main.c:500:6:LED_A1	16	static
main.c:610:6:LED_A2	16	static
main.c:700:6:LED_A3	16	static
main.c:790:6:LED_A4	16	static
main.c:880:6:LED_A5	16	static
main.c:970:6:LED_A6	16	static
main.c:1060:6:LED_A7	16	static
main.c:1150:6:LED_A8	16	static
main.c:1240:6:LED_A9	16	static
main.c:1331:6:updateLEDMatrix1	16	static
main.c:1381:6:updateLEDMatrix2	16	static
main.c:1431:6:updateLEDMatrix3	16	static
main.c:1481:6:updateLEDMatrix4	16	static
main.c:1531:6:updateLEDMatrix5	16	static
main.c:1581:6:updateLEDMatrix6	16	static
main.c:1631:6:updateLEDMatrix7	16	static
main.c:1681:6:updateLEDMatrix8	16	static
main.c:1731:6:updateLEDMatrix9	16	static
main.c:1781:6:HAL_TIM_PeriodElapsedCallback	16	static
main.c:1790:6:Error_Handler	4	static,ignoring_inline_asm
